
> app@1.0.0 test
> node --experimental-vm-modules node_modules/jest/bin/jest.js

(node:20496) ExperimentalWarning: VM Modules is an experimental feature and might change at any time
(Use `node --trace-warnings ...` to show where the warning was created)
FAIL tests/shop.test.js
  ● handleUpdateQuantity › updates quantity to a valid number greater than 0

    TypeError: Cannot set properties of null (setting 'textContent')

      106 |     const { itemCount, totalPrice } = calculateCartSummary(cart, products);
      107 |
    > 108 |     cartItemCountEl.textContent = itemCount;
          |                                ^
      109 |     cartTotalPriceEl.textContent = `$${totalPrice.toFixed(2)}`;
      110 | }
      111 |

      at updateCartSummary (js/shop.js:108:32)
      at updateCartSummary (js/shop.js:141:5)
      at saveCart (js/shop.js:128:15)
      at Object.handleUpdateQuantity (tests/shop.test.js:12:15)

  ● handleUpdateQuantity › removes item when quantity is 0

    TypeError: Cannot set properties of null (setting 'textContent')

      106 |     const { itemCount, totalPrice } = calculateCartSummary(cart, products);
      107 |
    > 108 |     cartItemCountEl.textContent = itemCount;
          |                                ^
      109 |     cartTotalPriceEl.textContent = `$${totalPrice.toFixed(2)}`;
      110 | }
      111 |

      at updateCartSummary (js/shop.js:108:32)
      at updateCartSummary (js/shop.js:141:5)
      at saveCart (js/shop.js:135:11)
      at handleRemoveFromCart (js/shop.js:125:15)
      at Object.handleUpdateQuantity (tests/shop.test.js:18:15)

  ● handleUpdateQuantity › removes item when quantity is negative

    TypeError: Cannot set properties of null (setting 'textContent')

      106 |     const { itemCount, totalPrice } = calculateCartSummary(cart, products);
      107 |
    > 108 |     cartItemCountEl.textContent = itemCount;
          |                                ^
      109 |     cartTotalPriceEl.textContent = `$${totalPrice.toFixed(2)}`;
      110 | }
      111 |

      at updateCartSummary (js/shop.js:108:32)
      at updateCartSummary (js/shop.js:141:5)
      at saveCart (js/shop.js:135:11)
      at handleRemoveFromCart (js/shop.js:125:15)
      at Object.handleUpdateQuantity (tests/shop.test.js:24:15)

  ● handleUpdateQuantity › parses float quantities as integers

    TypeError: Cannot set properties of null (setting 'textContent')

      106 |     const { itemCount, totalPrice } = calculateCartSummary(cart, products);
      107 |
    > 108 |     cartItemCountEl.textContent = itemCount;
          |                                ^
      109 |     cartTotalPriceEl.textContent = `$${totalPrice.toFixed(2)}`;
      110 | }
      111 |

      at updateCartSummary (js/shop.js:108:32)
      at updateCartSummary (js/shop.js:141:5)
      at saveCart (js/shop.js:128:15)
      at Object.handleUpdateQuantity (tests/shop.test.js:30:15)

  ● handleUpdateQuantity › parses string quantities as integers

    TypeError: Cannot set properties of null (setting 'textContent')

      106 |     const { itemCount, totalPrice } = calculateCartSummary(cart, products);
      107 |
    > 108 |     cartItemCountEl.textContent = itemCount;
          |                                ^
      109 |     cartTotalPriceEl.textContent = `$${totalPrice.toFixed(2)}`;
      110 | }
      111 |

      at updateCartSummary (js/shop.js:108:32)
      at updateCartSummary (js/shop.js:141:5)
      at saveCart (js/shop.js:128:15)
      at Object.handleUpdateQuantity (tests/shop.test.js:36:15)

FAIL tests/toggleFavorite.test.js
  ● Test suite failed to run

    Cannot find module './__mocks__/firebase-firestore.js' from 'tests/toggleFavorite.test.js'

      at Resolver._throwModNotFoundError (node_modules/jest-resolve/build/index.js:863:11)

FAIL tests/newsletter.test.js
  ● Test suite failed to run

    Jest encountered an unexpected token

    Jest failed to parse a file. This happens e.g. when your code or its dependencies use non-standard JavaScript syntax, or when Jest is not configured to support such syntax.

    Out of the box Jest supports Babel, which will be used to transform your files into valid JS based on your Babel configuration.

    By default "node_modules" folder is ignored by transformers.

    Here's what you can do:
     • If you are trying to use ECMAScript Modules, see https://jestjs.io/docs/ecmascript-modules for how to enable it.
     • If you are trying to use TypeScript, see https://jestjs.io/docs/getting-started#using-typescript
     • To have some of your "node_modules" files transformed, you can specify a custom "transformIgnorePatterns" in your config.
     • If you need a custom transformation, specify a "transform" option in your config.
     • If you simply want to mock your non-JS modules (e.g. binary assets) you can stub them out with the "moduleNameMapper" config option.

    You'll find more details and examples of these config options in the docs:
    https://jestjs.io/docs/configuration
    For information about custom transformations, see:
    https://jestjs.io/docs/code-transformation

    Details:

    SyntaxError: /Users/catalinandrian/Documents/GitHub/dreamstimeskip-beta/js/newsletter.js: Unexpected token (36:5)

      34 |             }
      35 |         }
    > 36 |     });
         |      ^
      37 | }
      38 |

      at constructor (node_modules/@babel/parser/src/parse-error.ts:95:45)
      at Parser.toParseError [as raise] (node_modules/@babel/parser/src/tokenizer/index.ts:1504:19)
      at Parser.raise [as unexpected] (node_modules/@babel/parser/src/tokenizer/index.ts:1544:16)
      at Parser.unexpected [as parseExprAtom] (node_modules/@babel/parser/src/parser/expression.ts:1358:22)
      at Parser.parseExprAtom [as parseExprSubscripts] (node_modules/@babel/parser/src/parser/expression.ts:742:23)
      at Parser.parseExprSubscripts [as parseUpdate] (node_modules/@babel/parser/src/parser/expression.ts:721:21)
      at Parser.parseUpdate [as parseMaybeUnary] (node_modules/@babel/parser/src/parser/expression.ts:683:23)
      at Parser.parseMaybeUnary [as parseMaybeUnaryOrPrivate] (node_modules/@babel/parser/src/parser/expression.ts:417:14)
      at Parser.parseMaybeUnaryOrPrivate [as parseExprOps] (node_modules/@babel/parser/src/parser/expression.ts:429:23)
      at Parser.parseExprOps [as parseMaybeConditional] (node_modules/@babel/parser/src/parser/expression.ts:384:23)
      at Parser.parseMaybeConditional [as parseMaybeAssign] (node_modules/@babel/parser/src/parser/expression.ts:301:21)
      at Parser.parseMaybeAssign [as parseExpressionBase] (node_modules/@babel/parser/src/parser/expression.ts:226:23)
      at parseExpressionBase (node_modules/@babel/parser/src/parser/expression.ts:217:39)
      at Parser.callback [as allowInAnd] (node_modules/@babel/parser/src/parser/expression.ts:3192:16)
      at Parser.allowInAnd [as parseExpression] (node_modules/@babel/parser/src/parser/expression.ts:217:17)
      at Parser.parseExpression [as parseStatementContent] (node_modules/@babel/parser/src/parser/statement.ts:688:23)
      at Parser.parseStatementContent [as parseStatementLike] (node_modules/@babel/parser/src/parser/statement.ts:482:17)
      at Parser.parseStatementLike [as parseStatementListItem] (node_modules/@babel/parser/src/parser/statement.ts:431:17)
      at Parser.parseStatementListItem [as parseBlockOrModuleBlockBody] (node_modules/@babel/parser/src/parser/statement.ts:1444:16)
      at Parser.parseBlockOrModuleBlockBody [as parseBlockBody] (node_modules/@babel/parser/src/parser/statement.ts:1417:10)
      at Parser.parseBlockBody [as parseBlock] (node_modules/@babel/parser/src/parser/statement.ts:1385:10)
      at Parser.parseBlock [as parseFunctionBody] (node_modules/@babel/parser/src/parser/expression.ts:2621:24)
      at Parser.parseFunctionBody [as parseArrowExpression] (node_modules/@babel/parser/src/parser/expression.ts:2562:10)
      at Parser.parseArrowExpression [as parseAsyncArrowFromCallExpression] (node_modules/@babel/parser/src/parser/expression.ts:1067:10)
      at Parser.parseAsyncArrowFromCallExpression [as parseCoverCallAndAsyncArrowHead] (node_modules/@babel/parser/src/parser/expression.ts:942:27)
      at Parser.parseCoverCallAndAsyncArrowHead [as parseSubscript] (node_modules/@babel/parser/src/parser/expression.ts:804:19)
      at Parser.parseSubscript [as parseSubscripts] (node_modules/@babel/parser/src/parser/expression.ts:763:19)
      at Parser.parseSubscripts [as parseExprSubscripts] (node_modules/@babel/parser/src/parser/expression.ts:748:17)
      at Parser.parseExprSubscripts [as parseUpdate] (node_modules/@babel/parser/src/parser/expression.ts:721:21)
      at Parser.parseUpdate [as parseMaybeUnary] (node_modules/@babel/parser/src/parser/expression.ts:683:23)
      at Parser.parseMaybeUnary [as parseMaybeUnaryOrPrivate] (node_modules/@babel/parser/src/parser/expression.ts:417:14)
      at Parser.parseMaybeUnaryOrPrivate [as parseExprOps] (node_modules/@babel/parser/src/parser/expression.ts:429:23)
      at Parser.parseExprOps [as parseMaybeConditional] (node_modules/@babel/parser/src/parser/expression.ts:384:23)
      at Parser.parseMaybeConditional [as parseMaybeAssign] (node_modules/@babel/parser/src/parser/expression.ts:301:21)
      at parseMaybeAssign (node_modules/@babel/parser/src/parser/expression.ts:257:12)
      at Parser.callback [as allowInAnd] (node_modules/@babel/parser/src/parser/expression.ts:3197:12)
      at Parser.allowInAnd [as parseMaybeAssignAllowIn] (node_modules/@babel/parser/src/parser/expression.ts:256:17)
      at Parser.parseMaybeAssignAllowIn [as parseMaybeAssignAllowInOrVoidPattern] (node_modules/@babel/parser/src/parser/expression.ts:3311:17)
      at Parser.parseMaybeAssignAllowInOrVoidPattern [as parseExprListItem] (node_modules/@babel/parser/src/parser/expression.ts:2793:18)
      at Parser.parseExprListItem [as parseCallExpressionArguments] (node_modules/@babel/parser/src/parser/expression.ts:1042:14)
      at Parser.parseCallExpressionArguments [as parseCoverCallAndAsyncArrowHead] (node_modules/@babel/parser/src/parser/expression.ts:922:29)
      at Parser.parseCoverCallAndAsyncArrowHead [as parseSubscript] (node_modules/@babel/parser/src/parser/expression.ts:804:19)
      at Parser.parseSubscript [as parseSubscripts] (node_modules/@babel/parser/src/parser/expression.ts:763:19)
      at Parser.parseSubscripts [as parseExprSubscripts] (node_modules/@babel/parser/src/parser/expression.ts:748:17)
      at Parser.parseExprSubscripts [as parseUpdate] (node_modules/@babel/parser/src/parser/expression.ts:721:21)
      at Parser.parseUpdate [as parseMaybeUnary] (node_modules/@babel/parser/src/parser/expression.ts:683:23)
      at Parser.parseMaybeUnary [as parseMaybeUnaryOrPrivate] (node_modules/@babel/parser/src/parser/expression.ts:417:14)
      at Parser.parseMaybeUnaryOrPrivate [as parseExprOps] (node_modules/@babel/parser/src/parser/expression.ts:429:23)
      at Parser.parseExprOps [as parseMaybeConditional] (node_modules/@babel/parser/src/parser/expression.ts:384:23)
      at Parser.parseMaybeConditional [as parseMaybeAssign] (node_modules/@babel/parser/src/parser/expression.ts:301:21)
      at Parser.parseMaybeAssign [as parseExpressionBase] (node_modules/@babel/parser/src/parser/expression.ts:226:23)
      at parseExpressionBase (node_modules/@babel/parser/src/parser/expression.ts:217:39)
      at Parser.callback [as allowInAnd] (node_modules/@babel/parser/src/parser/expression.ts:3192:16)
      at Parser.allowInAnd [as parseExpression] (node_modules/@babel/parser/src/parser/expression.ts:217:17)
      at Parser.parseExpression [as parseStatementContent] (node_modules/@babel/parser/src/parser/statement.ts:688:23)
      at Parser.parseStatementContent [as parseStatementLike] (node_modules/@babel/parser/src/parser/statement.ts:482:17)
      at Parser.parseStatementLike [as parseStatementListItem] (node_modules/@babel/parser/src/parser/statement.ts:431:17)
      at Parser.parseStatementListItem [as parseBlockOrModuleBlockBody] (node_modules/@babel/parser/src/parser/statement.ts:1444:16)
      at Parser.parseBlockOrModuleBlockBody [as parseBlockBody] (node_modules/@babel/parser/src/parser/statement.ts:1417:10)
      at Parser.parseBlockBody [as parseBlock] (node_modules/@babel/parser/src/parser/statement.ts:1385:10)
      at Parser.parseBlock [as parseStatementContent] (node_modules/@babel/parser/src/parser/statement.ts:622:21)
      at Parser.parseStatementContent [as parseStatementLike] (node_modules/@babel/parser/src/parser/statement.ts:482:17)
      at Parser.parseStatementLike [as parseStatementOrSloppyAnnexBFunctionDeclaration] (node_modules/@babel/parser/src/parser/statement.ts:451:17)
      at Parser.parseStatementOrSloppyAnnexBFunctionDeclaration [as parseIfStatement] (node_modules/@babel/parser/src/parser/statement.ts:1094:28)
      at Parser.parseIfStatement [as parseStatementContent] (node_modules/@babel/parser/src/parser/statement.ts:541:21)
      at Parser.parseStatementContent [as parseStatementLike] (node_modules/@babel/parser/src/parser/statement.ts:482:17)
      at Parser.parseStatementLike [as parseModuleItem] (node_modules/@babel/parser/src/parser/statement.ts:419:17)
      at Parser.parseModuleItem [as parseBlockOrModuleBlockBody] (node_modules/@babel/parser/src/parser/statement.ts:1443:16)
      at Parser.parseBlockOrModuleBlockBody [as parseBlockBody] (node_modules/@babel/parser/src/parser/statement.ts:1417:10)
      at Parser.parseBlockBody [as parseProgram] (node_modules/@babel/parser/src/parser/statement.ts:229:10)
      at Parser.parseProgram [as parseTopLevel] (node_modules/@babel/parser/src/parser/statement.ts:203:25)
      at Parser.parseTopLevel [as parse] (node_modules/@babel/parser/src/parser/index.ts:83:25)
      at parse (node_modules/@babel/parser/src/index.ts:86:38)
      at parser (node_modules/@babel/core/src/parser/index.ts:29:19)
          at parser.next (<anonymous>)
      at normalizeFile (node_modules/@babel/core/src/transformation/normalize-file.ts:50:24)
          at normalizeFile.next (<anonymous>)
      at run (node_modules/@babel/core/src/transformation/index.ts:41:36)
          at run.next (<anonymous>)
      at transform (node_modules/@babel/core/src/transform.ts:29:20)
          at transform.next (<anonymous>)
      at step (node_modules/gensync/index.js:261:32)
      at node_modules/gensync/index.js:273:13
      at async.call.result.err.err (node_modules/gensync/index.js:223:11)

FAIL tests/harmonytunes.test.js
  ● Test suite failed to run

    ReferenceError: require is not defined

      30 |
      31 | // Try requiring the script
    > 32 | require('../js/harmonytunes.js');
         | ^
      33 |
      34 | // Dispatch DOMContentLoaded so the script actually runs its init block
      35 | const event = new Event('DOMContentLoaded');

      at require (tests/harmonytunes.test.js:32:1)

PASS tests/auth.test.js

Test Suites: 4 failed, 1 passed, 5 total
Tests:       5 failed, 7 passed, 12 total
Snapshots:   0 total
Time:        0.419 s, estimated 1 s
Ran all test suites.
